// Bun Snapshot v1, https://goo.gl/fbAQLP

exports[`rendered DOM matches snapshot 1`] = `"<main><h1>Viewport Info</h1><dl><dt>Screen width</dt><dd>1024 px</dd><dt>Screen height</dt><dd>768 px</dd><dt>Pixel width</dt><dd>1024 px</dd><dt>Pixel height</dt><dd>768 px</dd><dt>innerWidth</dt><dd>1024 px</dd><dt>innerHeight</dt><dd>768 px</dd><dt>clientWidth</dt><dd>0 px</dd><dt>clientHeight</dt><dd>0 px</dd><dt>devicePixelRatio</dt><dd>1</dd><dt>pixelDepth</dt><dd>24</dd><dt>colorDepth</dt><dd>24</dd><dt>Supports touch</dt><dd>No</dd></dl></main>"`;
